type octile
height 24
width 44
map
............................................
............................................
............................................
......@@@@................@@@...............
......@@@@................@@@...............
.....@@@@@@@@...........@@@@@@@@@...........
.....@@@@@@@@...........@@@@@@@@@...........
.....@@@@@@@@...........@@@@@@@@@...........
.....@@@@@@@@...........@@@@@@@@@...........
.....@@@@@@@@...........@@@@@@@@@...........
.....@@@@@@@@...........@@@@@@@@@...........
.....@@@@@@@@...........@@@@@@@@@...........
.....@@@@@@@@...........@@@@@@@@@...........
.....@@@@@@@@...........@@@@@@@@@...........
.....@@@@@@@@...........@@@@@@@@@...........
.....@@@@@@@@...........@@@@@@@@@...........
.....@@@@@@@@...........@@@@@@@@@...........
.....@@@@@@@@...........@@@@@@@@@...........
.....@@@@@@@@...........@@@@@@@@@...........
.....@@@@@@@@...........@@@@@@@@@...........
.....@@@@@@@@...........@@@@@@@@@...........
.....@@@@@@@@...........@@@@@@@@@...........
@@@@@@@@@@@@@...........@@@@@@@@@...........
@@@@@@@@@@@@@...........@@@@@@@@@...........